// Jest Snapshot v1, https://goo.gl/fbAQLP

exports[`FETCH_V2V_PLAN fetchPlanAction dispatches the PENDING and FULFILLED actions 1`] = `
Array [
  Object {
    "type": "FETCH_V2V_PLAN_PENDING",
  },
  Object {
    "type": "FETCH_V2V_PLAN_FULFILLED",
  },
]
`;
