// Jest Snapshot v1, https://goo.gl/fbAQLP

exports[`Overview integration test should mount the Overview with mapStateToProps reduced 1`] = `
Object {
  "activeTransformationPlans": Array [],
  "addNotificationAction": [Function],
  "archiveTransformationPlanAction": [Function],
  "clusters": Array [],
  "continueToPlanAction": [Function],
  "createTransformationPlanRequestAction": [Function],
  "datastores": Array [],
  "deleteInfrastructureMappingAction": [Function],
  "fetchClustersAction": [Function],
  "fetchClustersUrl": "/api/dummyClusters",
  "fetchDatastoresAction": [Function],
  "fetchDatastoresUrl": "/api/dummyDatastores",
  "fetchNetworksAction": [Function],
  "fetchNetworksUrl": "/api/dummyNetworks",
  "fetchProvidersAction": [Function],
  "fetchTransformationMappingsAction": [Function],
  "fetchTransformationMappingsUrl": "/api/dummyMappings",
  "fetchTransformationPlansAction": [Function],
  "fetchTransformationPlansUrl": "/api/dummyTransformationPlans",
  "finishedTransformationPlans": Array [],
  "finishedWithErrorTransformationPlans": Array [],
  "hideConfirmModalAction": [Function],
  "hideDeleteConfirmationModalAction": [Function],
  "hideMappingWizard": false,
  "hidePlanWizard": false,
  "isFetchingClusters": true,
  "isFetchingDatastores": true,
  "isFetchingNetworks": true,
  "isFetchingProviders": true,
  "isFetchingTransformationMappings": true,
  "isFetchingTransformationPlans": true,
  "isRejectedClusters": false,
  "isRejectedDatastores": false,
  "isRejectedNetworks": false,
  "isRejectedTransformationMappings": false,
  "mappingWizardVisible": false,
  "networks": Array [],
  "notStartedTransformationPlans": Array [],
  "planWizardVisible": false,
  "removeNotificationAction": [Function],
  "retryMigrationAction": [Function],
  "setMappingToDeleteAction": [Function],
  "setMigrationsFilterAction": [Function],
  "showConfirmModalAction": [Function],
  "showDeleteConfirmationModalAction": [Function],
  "showMappingWizardAction": [Function],
  "showPlanWizardAction": [Function],
  "transformationMappings": Array [],
  "transformationPlans": Array [],
  "yesToDeleteInfrastructureMappingAction": [Function],
}
`;
